Archive member included to satisfy reference by file (symbol)

C:/devkitPro/devkitARM/bin/../lib/gcc/arm-none-eabi/13.2.0/../../../../arm-none-eabi/lib/thumb\libg.a(libc_a-memcpy-stub.o)
                              main.o (memcpy)
C:/devkitPro/devkitARM/bin/../lib/gcc/arm-none-eabi/13.2.0/../../../../arm-none-eabi/lib/thumb\libg.a(libc_a-init.o)
                              C:/devkitPro/devkitARM/bin/../lib/gcc/arm-none-eabi/13.2.0/../../../../arm-none-eabi/lib/thumb/gba_crt0.o (__libc_init_array)
C:/devkitPro/devkitARM/bin/../lib/gcc/arm-none-eabi/13.2.0/../../../../arm-none-eabi/lib/thumb\libsysbase.a(libsysbase_libsysbase_a-malloc_vars.o)
                              C:/devkitPro/devkitARM/bin/../lib/gcc/arm-none-eabi/13.2.0/../../../../arm-none-eabi/lib/thumb/gba_crt0.o (fake_heap_end)

Discarded input sections

 .text          0x00000000        0x0 C:/devkitPro/devkitARM/bin/../lib/gcc/arm-none-eabi/13.2.0/../../../../arm-none-eabi/lib/thumb/gba_crt0.o
 .data          0x00000000        0x0 C:/devkitPro/devkitARM/bin/../lib/gcc/arm-none-eabi/13.2.0/../../../../arm-none-eabi/lib/thumb/gba_crt0.o
 .bss           0x00000000        0x0 C:/devkitPro/devkitARM/bin/../lib/gcc/arm-none-eabi/13.2.0/../../../../arm-none-eabi/lib/thumb/gba_crt0.o
 .text          0x00000000        0x0 C:/devkitPro/devkitARM/bin/../lib/gcc/arm-none-eabi/13.2.0/thumb/crti.o
 .data          0x00000000        0x0 C:/devkitPro/devkitARM/bin/../lib/gcc/arm-none-eabi/13.2.0/thumb/crti.o
 .bss           0x00000000        0x0 C:/devkitPro/devkitARM/bin/../lib/gcc/arm-none-eabi/13.2.0/thumb/crti.o
 .text          0x00000000        0x0 C:/devkitPro/devkitARM/bin/../lib/gcc/arm-none-eabi/13.2.0/thumb/crtbegin.o
 .data          0x00000000        0x0 C:/devkitPro/devkitARM/bin/../lib/gcc/arm-none-eabi/13.2.0/thumb/crtbegin.o
 .bss           0x00000000        0x0 C:/devkitPro/devkitARM/bin/../lib/gcc/arm-none-eabi/13.2.0/thumb/crtbegin.o
 .rodata.all_implied_fbits
                0x00000000       0x24 C:/devkitPro/devkitARM/bin/../lib/gcc/arm-none-eabi/13.2.0/thumb/crtbegin.o
 .data.__dso_handle
                0x00000000        0x4 C:/devkitPro/devkitARM/bin/../lib/gcc/arm-none-eabi/13.2.0/thumb/crtbegin.o
 .text          0x00000000        0x0 Pibe.o
 .data          0x00000000        0x0 Pibe.o
 .bss           0x00000000        0x0 Pibe.o
 .text          0x00000000        0x0 PibeS.o
 .data          0x00000000        0x0 PibeS.o
 .bss           0x00000000        0x0 PibeS.o
 .rodata        0x00000000      0x400 PibeS.o
 .debug_info    0x00000000       0x65 PibeS.o
 .debug_abbrev  0x00000000       0x4e PibeS.o
 .debug_aranges
                0x00000000       0x18 PibeS.o
 .debug_line    0x00000000       0x52 PibeS.o
 .debug_str     0x00000000       0xec PibeS.o
 .comment       0x00000000       0x24 PibeS.o
 .text          0x00000000        0x0 a.o
 .data          0x00000000        0x0 a.o
 .bss           0x00000000        0x0 a.o
 .rodata        0x00000000      0x300 a.o
 .debug_info    0x00000000       0x7a a.o
 .debug_abbrev  0x00000000       0x4e a.o
 .debug_aranges
                0x00000000       0x18 a.o
 .debug_line    0x00000000       0x4e a.o
 .debug_str     0x00000000       0xe0 a.o
 .comment       0x00000000       0x24 a.o
 .text          0x00000000        0x0 b.o
 .data          0x00000000        0x0 b.o
 .bss           0x00000000        0x0 b.o
 .rodata        0x00000000      0x300 b.o
 .debug_info    0x00000000       0x7a b.o
 .debug_abbrev  0x00000000       0x4e b.o
 .debug_aranges
                0x00000000       0x18 b.o
 .debug_line    0x00000000       0x4e b.o
 .debug_str     0x00000000       0xe0 b.o
 .comment       0x00000000       0x24 b.o
 .text          0x00000000        0x0 calabaza.o
 .data          0x00000000        0x0 calabaza.o
 .bss           0x00000000        0x0 calabaza.o
 .rodata        0x00000000      0x300 calabaza.o
 .debug_info    0x00000000       0x7a calabaza.o
 .debug_abbrev  0x00000000       0x4e calabaza.o
 .debug_aranges
                0x00000000       0x18 calabaza.o
 .debug_line    0x00000000       0x55 calabaza.o
 .debug_str     0x00000000       0xf5 calabaza.o
 .comment       0x00000000       0x24 calabaza.o
 .text          0x00000000        0x0 grass.o
 .data          0x00000000        0x0 grass.o
 .bss           0x00000000        0x0 grass.o
 .text          0x00000000        0x0 mapa.o
 .data          0x00000000      0x25c mapa.o
 .bss           0x00000000        0x0 mapa.o
 .debug_info    0x00000000       0x60 mapa.o
 .debug_abbrev  0x00000000       0x41 mapa.o
 .debug_aranges
                0x00000000       0x18 mapa.o
 .debug_line    0x00000000       0x51 mapa.o
 .debug_str     0x00000000       0xe8 mapa.o
 .comment       0x00000000       0x24 mapa.o
 .text          0x00000000        0x0 C:/devkitPro/devkitARM/bin/../lib/gcc/arm-none-eabi/13.2.0/../../../../arm-none-eabi/lib/thumb\libg.a(libc_a-memcpy-stub.o)
 .data          0x00000000        0x0 C:/devkitPro/devkitARM/bin/../lib/gcc/arm-none-eabi/13.2.0/../../../../arm-none-eabi/lib/thumb\libg.a(libc_a-memcpy-stub.o)
 .bss           0x00000000        0x0 C:/devkitPro/devkitARM/bin/../lib/gcc/arm-none-eabi/13.2.0/../../../../arm-none-eabi/lib/thumb\libg.a(libc_a-memcpy-stub.o)
 .text          0x00000000        0x0 C:/devkitPro/devkitARM/bin/../lib/gcc/arm-none-eabi/13.2.0/../../../../arm-none-eabi/lib/thumb\libg.a(libc_a-init.o)
 .data          0x00000000        0x0 C:/devkitPro/devkitARM/bin/../lib/gcc/arm-none-eabi/13.2.0/../../../../arm-none-eabi/lib/thumb\libg.a(libc_a-init.o)
 .bss           0x00000000        0x0 C:/devkitPro/devkitARM/bin/../lib/gcc/arm-none-eabi/13.2.0/../../../../arm-none-eabi/lib/thumb\libg.a(libc_a-init.o)
 .text          0x00000000        0x0 C:/devkitPro/devkitARM/bin/../lib/gcc/arm-none-eabi/13.2.0/../../../../arm-none-eabi/lib/thumb\libsysbase.a(libsysbase_libsysbase_a-malloc_vars.o)
 .data          0x00000000        0x0 C:/devkitPro/devkitARM/bin/../lib/gcc/arm-none-eabi/13.2.0/../../../../arm-none-eabi/lib/thumb\libsysbase.a(libsysbase_libsysbase_a-malloc_vars.o)
 .bss           0x00000000        0x0 C:/devkitPro/devkitARM/bin/../lib/gcc/arm-none-eabi/13.2.0/../../../../arm-none-eabi/lib/thumb\libsysbase.a(libsysbase_libsysbase_a-malloc_vars.o)
 .bss.fake_heap_start
                0x00000000        0x4 C:/devkitPro/devkitARM/bin/../lib/gcc/arm-none-eabi/13.2.0/../../../../arm-none-eabi/lib/thumb\libsysbase.a(libsysbase_libsysbase_a-malloc_vars.o)
 .text          0x00000000        0x0 C:/devkitPro/devkitARM/bin/../lib/gcc/arm-none-eabi/13.2.0/thumb/crtend.o
 .data          0x00000000        0x0 C:/devkitPro/devkitARM/bin/../lib/gcc/arm-none-eabi/13.2.0/thumb/crtend.o
 .bss           0x00000000        0x0 C:/devkitPro/devkitARM/bin/../lib/gcc/arm-none-eabi/13.2.0/thumb/crtend.o
 .rodata.all_implied_fbits
                0x00000000       0x24 C:/devkitPro/devkitARM/bin/../lib/gcc/arm-none-eabi/13.2.0/thumb/crtend.o
 .text          0x00000000        0x0 C:/devkitPro/devkitARM/bin/../lib/gcc/arm-none-eabi/13.2.0/thumb/crtn.o
 .data          0x00000000        0x0 C:/devkitPro/devkitARM/bin/../lib/gcc/arm-none-eabi/13.2.0/thumb/crtn.o
 .bss           0x00000000        0x0 C:/devkitPro/devkitARM/bin/../lib/gcc/arm-none-eabi/13.2.0/thumb/crtn.o

Memory Configuration

Name             Origin             Length             Attributes
rom              0x08000000         0x02000000
iwram            0x03000000         0x00008000
ewram            0x02000000         0x00040000
*default*        0x00000000         0xffffffff

Linker script and memory map

                0x08000000                        __text_start = ORIGIN (rom)
                0x02040000                        __eheap_end = (ORIGIN (ewram) + LENGTH (ewram))
                0x03000000                        __iwram_start = ORIGIN (iwram)
                0x03008000                        __iwram_top = (ORIGIN (iwram) + LENGTH (iwram))
                0x03007fa0                        __sp_irq = (__iwram_top - 0x60)
                0x03007f00                        __sp_usr = (__sp_irq - 0xa0)
                0x03007ff8                        __irq_flags = 0x3007ff8
                0x08000000                        . = __text_start

.crt0           0x08000000      0x210
 *(.crt0)
 .crt0          0x08000000      0x210 C:/devkitPro/devkitARM/bin/../lib/gcc/arm-none-eabi/13.2.0/../../../../arm-none-eabi/lib/thumb/gba_crt0.o
                0x08000000                _start
                0x080000c4                __boot_method
                0x080000c5                __slave_number
                0x080000e0                start_vector
                0x08000210                        . = ALIGN (0x4)

.init           0x08000210        0xc
 *(SORT_NONE(.init))
 .init          0x08000210        0x4 C:/devkitPro/devkitARM/bin/../lib/gcc/arm-none-eabi/13.2.0/thumb/crti.o
                0x08000210                _init
 .init          0x08000214        0x8 C:/devkitPro/devkitARM/bin/../lib/gcc/arm-none-eabi/13.2.0/thumb/crtn.o

.plt            0x0800021c        0x0
 *(.plt)
                0x0800021c                        . = ALIGN (0x4)

.text           0x0800021c      0x748
 *(EXCLUDE_FILE(*.iwram*) .text*)
 .text.__do_global_dtors_aux
                0x0800021c       0x2c C:/devkitPro/devkitARM/bin/../lib/gcc/arm-none-eabi/13.2.0/thumb/crtbegin.o
 .text.frame_dummy
                0x08000248       0x24 C:/devkitPro/devkitARM/bin/../lib/gcc/arm-none-eabi/13.2.0/thumb/crtbegin.o
 .text          0x0800026c      0x5bc main.o
                0x080002f8                char_block
                0x08000304                screen_block
                0x08000310                createBackground
                0x0800039c                getKeyDown
                0x080003c8                createPlayer
                0x08000444                getPlayerX
                0x08000454                getPlayerY
                0x08000464                setPlayerY
                0x08000484                setPlayerX
                0x080004a4                movePlayerX
                0x080004c8                movePlayerY
                0x080004ec                tickAnimationFrame
                0x08000560                recolocateScrollPlayer
                0x080005bc                keyActions
                0x0800072c                checkBGPosition
                0x08000744                smoothScroll
                0x08000810                updateBG
 .text.startup  0x08000828       0x58 main.o
                0x08000828                main
 .text.memcpy   0x08000880       0x90 C:/devkitPro/devkitARM/bin/../lib/gcc/arm-none-eabi/13.2.0/../../../../arm-none-eabi/lib/thumb\libg.a(libc_a-memcpy-stub.o)
                0x08000880                memcpy
 .text.__libc_init_array
                0x08000910       0x54 C:/devkitPro/devkitARM/bin/../lib/gcc/arm-none-eabi/13.2.0/../../../../arm-none-eabi/lib/thumb\libg.a(libc_a-init.o)
                0x08000910                __libc_init_array
 *(.gnu.linkonce.t.*)
 *(.text.*personality*)
 *(.gnu.warning)
 *(.glue_7t)
 .glue_7t       0x08000964        0x0 linker stubs
 *(.glue_7)
 .glue_7        0x08000964        0x0 linker stubs
 *(.vfp11_veneer)
 .vfp11_veneer  0x08000964        0x0 linker stubs
                0x08000964                        . = ALIGN (0x4)
                0x08000964                        __text_end = .

.v4_bx          0x08000964        0x0
 .v4_bx         0x08000964        0x0 linker stubs

.iplt           0x08000964        0x0
 .iplt          0x08000964        0x0 C:/devkitPro/devkitARM/bin/../lib/gcc/arm-none-eabi/13.2.0/../../../../arm-none-eabi/lib/thumb/gba_crt0.o

.fini           0x08000964        0xc
 *(.fini)
 .fini          0x08000964        0x4 C:/devkitPro/devkitARM/bin/../lib/gcc/arm-none-eabi/13.2.0/thumb/crti.o
                0x08000964                _fini
 .fini          0x08000968        0x8 C:/devkitPro/devkitARM/bin/../lib/gcc/arm-none-eabi/13.2.0/thumb/crtn.o
                0x08000970                        . = ALIGN (0x4)

.rodata         0x08000970     0x2e00
 *(.rodata)
 .rodata        0x08000970     0x2200 Pibe.o
                0x08000970                PibePal
                0x08000b70                PibeTiles
 .rodata        0x08002b70      0x400 grass.o
                0x08002b70                grassPal
                0x08002d70                grassTiles
 .rodata        0x08002f70      0x800 main.o
                0x08002f70                mapita
 *all.rodata*(*)
 *(.roda)
 *(.rodata.*)
 *(.gnu.linkonce.r*)
                0x08003770                        . = ALIGN (0x4)

.ARM.extab
 *(.ARM.extab* .gnu.linkonce.armextab.*)
                0x08003770                        __exidx_start = .

.ARM.exidx
 *(.ARM.exidx* .gnu.linkonce.armexidx.*)
                0x08003770                        __exidx_end = .

.ctors          0x08003770        0x0
 *crtbegin.o(.ctors)
 *(EXCLUDE_FILE(*crtend.o) .ctors)
 *(SORT_BY_NAME(.ctors.*))
 *(.ctors)
                0x08003770                        . = ALIGN (0x4)

.dtors          0x08003770        0x0
 *crtbegin.o(.dtors)
 *(EXCLUDE_FILE(*crtend.o) .dtors)
 *(SORT_BY_NAME(.dtors.*))
 *(.dtors)
                0x08003770                        . = ALIGN (0x4)

.eh_frame       0x08003770        0x4
 *(.eh_frame)
 .eh_frame      0x08003770        0x0 C:/devkitPro/devkitARM/bin/../lib/gcc/arm-none-eabi/13.2.0/thumb/crtbegin.o
 .eh_frame      0x08003770        0x4 C:/devkitPro/devkitARM/bin/../lib/gcc/arm-none-eabi/13.2.0/thumb/crtend.o
                0x08003774                        . = ALIGN (0x4)

.gcc_except_table
                0x08003774        0x0
 *(.gcc_except_table)
                0x08003774                        . = ALIGN (0x4)
                0x08003774                        __iwram_lma = .

.iwram          0x03000000        0x0 load address 0x08003774
                0x03000000                        __iwram_start__ = ABSOLUTE (.)
 *(.iwram .iwram*)
 *iwram.*(.text* .data*)
                0x03000000                        . = ALIGN (0x4)
                0x03000000                        __iwram_end__ = ABSOLUTE (.)
                0x08003774                        __data_lma = (__iwram_lma + SIZEOF (.iwram))

.bss            0x03000000       0x5c
                0x03000000                        __bss_start = ABSOLUTE (.)
                0x03000000                        __bss_start__ = ABSOLUTE (.)
 *(.dynbss)
 *(.gnu.linkonce.b*)
 *(.bss*)
 .bss.completed.1
                0x03000000        0x1 C:/devkitPro/devkitARM/bin/../lib/gcc/arm-none-eabi/13.2.0/thumb/crtbegin.o
 *fill*         0x03000001        0x3 
 .bss.object.0  0x03000004       0x18 C:/devkitPro/devkitARM/bin/../lib/gcc/arm-none-eabi/13.2.0/thumb/crtbegin.o
 .bss           0x0300001c       0x3a main.o
                0x0300001c                background0
                0x0300002c                player
                0x0300003c                key_states
                0x03000040                pibito
                0x0300004c                yScroll
                0x03000050                xScroll
                0x03000054                haveToYScroll
                0x03000055                haveToXScroll
 *fill*         0x03000056        0x2 
 .bss.fake_heap_end
                0x03000058        0x4 C:/devkitPro/devkitARM/bin/../lib/gcc/arm-none-eabi/13.2.0/../../../../arm-none-eabi/lib/thumb\libsysbase.a(libsysbase_libsysbase_a-malloc_vars.o)
                0x03000058                fake_heap_end
 *(COMMON)
                0x0300005c                        . = ALIGN (0x4)
                0x0300005c                        __bss_end__ = ABSOLUTE (.)

.data           0x0300005c        0x8 load address 0x08003774
                0x0300005c                        __data_start__ = ABSOLUTE (.)
 *(.data*)
 .data          0x0300005c        0x8 main.o
                0x0300005c                bg_palette
                0x03000060                bg0_control
 *(.gnu.linkonce.d*)
                0x03000064                        . = ALIGN (0x4)
                0x0800377c                        __preinit_lma = (__data_lma + SIZEOF (.data))

.igot.plt       0x03000064        0x0 load address 0x0800377c
 .igot.plt      0x03000064        0x0 C:/devkitPro/devkitARM/bin/../lib/gcc/arm-none-eabi/13.2.0/../../../../arm-none-eabi/lib/thumb/gba_crt0.o

.preinit_array  0x03000064        0x0 load address 0x0800377c
                0x03000064                        __preinit_array_start = ABSOLUTE (.)
 *(.preinit_array)
                0x03000064                        __preinit_array_end = ABSOLUTE (.)
                0x0800377c                        __init_lma = (__preinit_lma + SIZEOF (.preinit_array))

.init_array     0x03000064        0x4 load address 0x0800377c
                0x03000064                        __init_array_start = ABSOLUTE (.)
 *(SORT_BY_NAME(.init_array.*))
 *(.init_array)
 .init_array    0x03000064        0x4 C:/devkitPro/devkitARM/bin/../lib/gcc/arm-none-eabi/13.2.0/thumb/crtbegin.o
                0x03000068                        __init_array_end = ABSOLUTE (.)
                0x08003780                        __fini_lma = (__init_lma + SIZEOF (.init_array))

.fini_array     0x03000068        0x4 load address 0x08003780
                0x03000068                        __fini_array_start = ABSOLUTE (.)
 *(SORT_BY_NAME(.fini_array.*))
 *(.fini_array)
 .fini_array    0x03000068        0x4 C:/devkitPro/devkitARM/bin/../lib/gcc/arm-none-eabi/13.2.0/thumb/crtbegin.o
                0x0300006c                        __fini_array_end = ABSOLUTE (.)
                0x08003784                        __jcr_lma = (__fini_lma + SIZEOF (.fini_array))

.jcr
 *(.jcr)
                0x0300006c                        __data_end__ = ABSOLUTE (.)
                0x08003784                        __iwram_overlay_lma = (__jcr_lma + SIZEOF (.jcr))
                0x0300006c                        __iwram_overlay_start = .

.iwram0         0x0300006c        0x0 load address 0x08003784
 *(.iwram0)
                0x0300006c                        . = ALIGN (0x4)
                0x08003784                        PROVIDE (__load_start_iwram0 = LOADADDR (.iwram0))
                0x08003784                        PROVIDE (__load_stop_iwram0 = (LOADADDR (.iwram0) + SIZEOF (.iwram0)))

.iwram1         0x0300006c        0x0
 *(.iwram1)
                0x0300006c                        . = ALIGN (0x4)
                [!provide]                        PROVIDE (__load_start_iwram1 = LOADADDR (.iwram1))
                [!provide]                        PROVIDE (__load_stop_iwram1 = (LOADADDR (.iwram1) + SIZEOF (.iwram1)))

.iwram2         0x0300006c        0x0
 *(.iwram2)
                0x0300006c                        . = ALIGN (0x4)
                [!provide]                        PROVIDE (__load_start_iwram2 = LOADADDR (.iwram2))
                [!provide]                        PROVIDE (__load_stop_iwram2 = (LOADADDR (.iwram2) + SIZEOF (.iwram2)))

.iwram3         0x0300006c        0x0
 *(.iwram3)
                0x0300006c                        . = ALIGN (0x4)
                [!provide]                        PROVIDE (__load_start_iwram3 = LOADADDR (.iwram3))
                [!provide]                        PROVIDE (__load_stop_iwram3 = (LOADADDR (.iwram3) + SIZEOF (.iwram3)))

.iwram4         0x0300006c        0x0
 *(.iwram4)
                0x0300006c                        . = ALIGN (0x4)
                [!provide]                        PROVIDE (__load_start_iwram4 = LOADADDR (.iwram4))
                [!provide]                        PROVIDE (__load_stop_iwram4 = (LOADADDR (.iwram4) + SIZEOF (.iwram4)))

.iwram5         0x0300006c        0x0
 *(.iwram5)
                0x0300006c                        . = ALIGN (0x4)
                [!provide]                        PROVIDE (__load_start_iwram5 = LOADADDR (.iwram5))
                [!provide]                        PROVIDE (__load_stop_iwram5 = (LOADADDR (.iwram5) + SIZEOF (.iwram5)))

.iwram6         0x0300006c        0x0
 *(.iwram6)
                0x0300006c                        . = ALIGN (0x4)
                [!provide]                        PROVIDE (__load_start_iwram6 = LOADADDR (.iwram6))
                [!provide]                        PROVIDE (__load_stop_iwram6 = (LOADADDR (.iwram6) + SIZEOF (.iwram6)))

.iwram7         0x0300006c        0x0
 *(.iwram7)
                0x0300006c                        . = ALIGN (0x4)
                [!provide]                        PROVIDE (__load_start_iwram7 = LOADADDR (.iwram7))
                [!provide]                        PROVIDE (__load_stop_iwram7 = (LOADADDR (.iwram7) + SIZEOF (.iwram7)))

.iwram8         0x0300006c        0x0
 *(.iwram8)
                0x0300006c                        . = ALIGN (0x4)
                [!provide]                        PROVIDE (__load_start_iwram8 = LOADADDR (.iwram8))
                [!provide]                        PROVIDE (__load_stop_iwram8 = (LOADADDR (.iwram8) + SIZEOF (.iwram8)))

.iwram9         0x0300006c        0x0
 *(.iwram9)
                0x0300006c                        . = ALIGN (0x4)
                [!provide]                        PROVIDE (__load_start_iwram9 = LOADADDR (.iwram9))
                [!provide]                        PROVIDE (__load_stop_iwram9 = (LOADADDR (.iwram9) + SIZEOF (.iwram9)))
                0x0300006c                        __iwram_overlay_end = .
                0x08003784                        __ewram_lma = (__iwram_overlay_lma + (__iwram_overlay_end - __iwram_overlay_start))
                0x0300006c                        __iheap_start = .
                0x02000000                        __ewram_start = ORIGIN (ewram)

.ewram          0x02000000        0x0 load address 0x08003784
 *(.ewram*)
                0x02000000                        . = ALIGN (0x4)
                0x02000000                        __ewram_end = ABSOLUTE (.)
                0x08003784                        __pad_lma = (__ewram_lma + SIZEOF (.ewram))

.sbss           0x02000000        0x0
                0x02000000                        __sbss_start__ = ABSOLUTE (.)
 *(.sbss*)
                0x02000000                        . = ALIGN (0x4)
                0x02000000                        __sbss_end__ = ABSOLUTE (.)
                0x02000000                        __end__ = ABSOLUTE (.)
                0x02000000                        __eheap_start = ABSOLUTE (.)

.pad            0x02000000        0x8 load address 0x08003784
                0x02000000        0x4 LONG 0x52416b64
                0x02000004        0x4 LONG 0x4d
                0x02000008                        . = ALIGN (0x4)
                0x0800378c                        __rom_end__ = (__pad_lma + SIZEOF (.pad))

.rel.dyn        0x02000008        0x0 load address 0x0800378c
 .rel.iplt      0x02000008        0x0 C:/devkitPro/devkitARM/bin/../lib/gcc/arm-none-eabi/13.2.0/../../../../arm-none-eabi/lib/thumb/gba_crt0.o

.stab
 *(.stab)

.stabstr
 *(.stabstr)

.stab.excl
 *(.stab.excl)

.stab.exclstr
 *(.stab.exclstr)

.stab.index
 *(.stab.index)

.stab.indexstr
 *(.stab.indexstr)

.comment        0x00000000       0x23
 *(.comment)
 .comment       0x00000000       0x23 C:/devkitPro/devkitARM/bin/../lib/gcc/arm-none-eabi/13.2.0/thumb/crtbegin.o
                                 0x24 (size before relaxing)
 .comment       0x00000023       0x24 Pibe.o
 .comment       0x00000023       0x24 grass.o
 .comment       0x00000023       0x24 main.o
 .comment       0x00000023       0x24 C:/devkitPro/devkitARM/bin/../lib/gcc/arm-none-eabi/13.2.0/../../../../arm-none-eabi/lib/thumb\libg.a(libc_a-memcpy-stub.o)
 .comment       0x00000023       0x24 C:/devkitPro/devkitARM/bin/../lib/gcc/arm-none-eabi/13.2.0/../../../../arm-none-eabi/lib/thumb\libg.a(libc_a-init.o)
 .comment       0x00000023       0x24 C:/devkitPro/devkitARM/bin/../lib/gcc/arm-none-eabi/13.2.0/../../../../arm-none-eabi/lib/thumb\libsysbase.a(libsysbase_libsysbase_a-malloc_vars.o)
 .comment       0x00000023       0x24 C:/devkitPro/devkitARM/bin/../lib/gcc/arm-none-eabi/13.2.0/thumb/crtend.o

.debug
 *(.debug)

.line
 *(.line)

.debug_srcinfo
 *(.debug_srcinfo)

.debug_sfnames
 *(.debug_sfnames)

.debug_aranges  0x00000000       0x58
 *(.debug_aranges)
 .debug_aranges
                0x00000000       0x18 Pibe.o
 .debug_aranges
                0x00000018       0x18 grass.o
 .debug_aranges
                0x00000030       0x28 main.o

.debug_pubnames
 *(.debug_pubnames)

.debug_info     0x00000000      0xbaa
 *(.debug_info)
 .debug_info    0x00000000       0x7d Pibe.o
 .debug_info    0x0000007d       0x60 grass.o
 .debug_info    0x000000dd      0xacd main.o

.debug_abbrev   0x00000000      0x4bc
 *(.debug_abbrev)
 .debug_abbrev  0x00000000       0x69 Pibe.o
 .debug_abbrev  0x00000069       0x4d grass.o
 .debug_abbrev  0x000000b6      0x406 main.o

.debug_line     0x00000000      0xc24
 *(.debug_line)
 .debug_line    0x00000000       0x51 Pibe.o
 .debug_line    0x00000051       0x52 grass.o
 .debug_line    0x000000a3      0xb81 main.o

.debug_frame    0x00000000      0x18c
 *(.debug_frame)
 .debug_frame   0x00000000      0x18c main.o

.debug_str      0x00000000      0x46a
 *(.debug_str)
 .debug_str     0x00000000      0x46a Pibe.o
                                 0xd6 (size before relaxing)
 .debug_str     0x0000046a       0xd9 grass.o
 .debug_str     0x0000046a      0x458 main.o

.debug_loc
 *(.debug_loc)

.debug_macinfo
 *(.debug_macinfo)

.debug_weaknames
 *(.debug_weaknames)

.debug_funcnames
 *(.debug_funcnames)

.debug_typenames
 *(.debug_typenames)

.debug_varnames
 *(.debug_varnames)

.stack          0x00080000        0x0
                0x00080000                        _stack = .
 *(.stack)

.note.gnu.arm.ident
 *(.note.gnu.arm.ident)

.ARM.attributes
                0x00000000       0x2c
 *(.ARM.attributes)
 .ARM.attributes
                0x00000000       0x20 C:/devkitPro/devkitARM/bin/../lib/gcc/arm-none-eabi/13.2.0/../../../../arm-none-eabi/lib/thumb/gba_crt0.o
 .ARM.attributes
                0x00000020       0x1c C:/devkitPro/devkitARM/bin/../lib/gcc/arm-none-eabi/13.2.0/thumb/crti.o
 .ARM.attributes
                0x0000003c       0x2a C:/devkitPro/devkitARM/bin/../lib/gcc/arm-none-eabi/13.2.0/thumb/crtbegin.o
 .ARM.attributes
                0x00000066       0x2a Pibe.o
 .ARM.attributes
                0x00000090       0x2a PibeS.o
 .ARM.attributes
                0x000000ba       0x2a a.o
 .ARM.attributes
                0x000000e4       0x2a b.o
 .ARM.attributes
                0x0000010e       0x2a calabaza.o
 .ARM.attributes
                0x00000138       0x2a grass.o
 .ARM.attributes
                0x00000162       0x2a main.o
 .ARM.attributes
                0x0000018c       0x2a mapa.o
 .ARM.attributes
                0x000001b6       0x2a C:/devkitPro/devkitARM/bin/../lib/gcc/arm-none-eabi/13.2.0/../../../../arm-none-eabi/lib/thumb\libg.a(libc_a-memcpy-stub.o)
 .ARM.attributes
                0x000001e0       0x2a C:/devkitPro/devkitARM/bin/../lib/gcc/arm-none-eabi/13.2.0/../../../../arm-none-eabi/lib/thumb\libg.a(libc_a-init.o)
 .ARM.attributes
                0x0000020a       0x2a C:/devkitPro/devkitARM/bin/../lib/gcc/arm-none-eabi/13.2.0/../../../../arm-none-eabi/lib/thumb\libsysbase.a(libsysbase_libsysbase_a-malloc_vars.o)
 .ARM.attributes
                0x00000234       0x2a C:/devkitPro/devkitARM/bin/../lib/gcc/arm-none-eabi/13.2.0/thumb/crtend.o
 .ARM.attributes
                0x0000025e       0x1c C:/devkitPro/devkitARM/bin/../lib/gcc/arm-none-eabi/13.2.0/thumb/crtn.o

/DISCARD/
 *(.note.GNU-stack)
LOAD C:/devkitPro/devkitARM/bin/../lib/gcc/arm-none-eabi/13.2.0/../../../../arm-none-eabi/lib/thumb/gba_crt0.o
LOAD C:/devkitPro/devkitARM/bin/../lib/gcc/arm-none-eabi/13.2.0/thumb/crti.o
LOAD C:/devkitPro/devkitARM/bin/../lib/gcc/arm-none-eabi/13.2.0/thumb/crtbegin.o
LOAD Pibe.o
LOAD PibeS.o
LOAD a.o
LOAD b.o
LOAD calabaza.o
LOAD grass.o
LOAD main.o
LOAD mapa.o
LOAD C:/devkitPro/libgba/lib\libmm.a
LOAD C:/devkitPro/libgba/lib\libgba.a
START GROUP
LOAD C:/devkitPro/devkitARM/bin/../lib/gcc/arm-none-eabi/13.2.0/thumb\libgcc.a
LOAD C:/devkitPro/devkitARM/bin/../lib/gcc/arm-none-eabi/13.2.0/../../../../arm-none-eabi/lib/thumb\libg.a
LOAD C:/devkitPro/devkitARM/bin/../lib/gcc/arm-none-eabi/13.2.0/../../../../arm-none-eabi/lib/thumb\libc.a
LOAD C:/devkitPro/devkitARM/bin/../lib/gcc/arm-none-eabi/13.2.0/../../../../arm-none-eabi/lib/thumb\libsysbase.a
END GROUP
LOAD C:/devkitPro/devkitARM/bin/../lib/gcc/arm-none-eabi/13.2.0/thumb/crtend.o
LOAD C:/devkitPro/devkitARM/bin/../lib/gcc/arm-none-eabi/13.2.0/thumb/crtn.o
OUTPUT(C:/Users/Adonai/Desktop/topDownGBA/topDownGBA.elf elf32-littlearm)
LOAD linker stubs

.debug_loclists
                0x00000000      0x32e
 .debug_loclists
                0x00000000      0x32e main.o

.debug_rnglists
                0x00000000       0xf1
 .debug_rnglists
                0x00000000       0xf1 main.o
